Archive member included to satisfy reference by file (symbol)

/opt/st/stm32cubeide_1.5.0/plugins/com.st.stm32cube.ide.mcu.externaltools.gnu-tools-for-stm32.7-2018-q2-update.linux64_1.5.0.202011040924/tools/bin/../lib/gcc/arm-none-eabi/7.3.1/../../../../arm-none-eabi/lib/thumb/v7e-m/fpv4-sp/hard/libc_nano.a(lib_a-errno.o)
                              Src/syscalls.o (__errno)
/opt/st/stm32cubeide_1.5.0/plugins/com.st.stm32cube.ide.mcu.externaltools.gnu-tools-for-stm32.7-2018-q2-update.linux64_1.5.0.202011040924/tools/bin/../lib/gcc/arm-none-eabi/7.3.1/../../../../arm-none-eabi/lib/thumb/v7e-m/fpv4-sp/hard/libc_nano.a(lib_a-exit.o)
                              /opt/st/stm32cubeide_1.5.0/plugins/com.st.stm32cube.ide.mcu.externaltools.gnu-tools-for-stm32.7-2018-q2-update.linux64_1.5.0.202011040924/tools/bin/../lib/gcc/arm-none-eabi/7.3.1/../../../../arm-none-eabi/lib/thumb/v7e-m/fpv4-sp/hard/crt0.o (exit)
/opt/st/stm32cubeide_1.5.0/plugins/com.st.stm32cube.ide.mcu.externaltools.gnu-tools-for-stm32.7-2018-q2-update.linux64_1.5.0.202011040924/tools/bin/../lib/gcc/arm-none-eabi/7.3.1/../../../../arm-none-eabi/lib/thumb/v7e-m/fpv4-sp/hard/libc_nano.a(lib_a-impure.o)
                              /opt/st/stm32cubeide_1.5.0/plugins/com.st.stm32cube.ide.mcu.externaltools.gnu-tools-for-stm32.7-2018-q2-update.linux64_1.5.0.202011040924/tools/bin/../lib/gcc/arm-none-eabi/7.3.1/../../../../arm-none-eabi/lib/thumb/v7e-m/fpv4-sp/hard/libc_nano.a(lib_a-exit.o) (_global_impure_ptr)
/opt/st/stm32cubeide_1.5.0/plugins/com.st.stm32cube.ide.mcu.externaltools.gnu-tools-for-stm32.7-2018-q2-update.linux64_1.5.0.202011040924/tools/bin/../lib/gcc/arm-none-eabi/7.3.1/../../../../arm-none-eabi/lib/thumb/v7e-m/fpv4-sp/hard/libc_nano.a(lib_a-init.o)
                              /opt/st/stm32cubeide_1.5.0/plugins/com.st.stm32cube.ide.mcu.externaltools.gnu-tools-for-stm32.7-2018-q2-update.linux64_1.5.0.202011040924/tools/bin/../lib/gcc/arm-none-eabi/7.3.1/../../../../arm-none-eabi/lib/thumb/v7e-m/fpv4-sp/hard/crt0.o (__libc_init_array)
/opt/st/stm32cubeide_1.5.0/plugins/com.st.stm32cube.ide.mcu.externaltools.gnu-tools-for-stm32.7-2018-q2-update.linux64_1.5.0.202011040924/tools/bin/../lib/gcc/arm-none-eabi/7.3.1/../../../../arm-none-eabi/lib/thumb/v7e-m/fpv4-sp/hard/libc_nano.a(lib_a-memset.o)
                              /opt/st/stm32cubeide_1.5.0/plugins/com.st.stm32cube.ide.mcu.externaltools.gnu-tools-for-stm32.7-2018-q2-update.linux64_1.5.0.202011040924/tools/bin/../lib/gcc/arm-none-eabi/7.3.1/../../../../arm-none-eabi/lib/thumb/v7e-m/fpv4-sp/hard/crt0.o (memset)
/opt/st/stm32cubeide_1.5.0/plugins/com.st.stm32cube.ide.mcu.externaltools.gnu-tools-for-stm32.7-2018-q2-update.linux64_1.5.0.202011040924/tools/bin/../lib/gcc/arm-none-eabi/7.3.1/thumb/v7e-m/fpv4-sp/hard/libgcc.a(_aeabi_ldivmod.o)
                              Drivers/STM32F4xx_HAL_Driver/Src/stm32f4xx_hal_rcc.o (__aeabi_ldivmod)
/opt/st/stm32cubeide_1.5.0/plugins/com.st.stm32cube.ide.mcu.externaltools.gnu-tools-for-stm32.7-2018-q2-update.linux64_1.5.0.202011040924/tools/bin/../lib/gcc/arm-none-eabi/7.3.1/thumb/v7e-m/fpv4-sp/hard/libgcc.a(_aeabi_uldivmod.o)
                              Drivers/STM32F4xx_HAL_Driver/Src/stm32f4xx_hal_rcc.o (__aeabi_uldivmod)
/opt/st/stm32cubeide_1.5.0/plugins/com.st.stm32cube.ide.mcu.externaltools.gnu-tools-for-stm32.7-2018-q2-update.linux64_1.5.0.202011040924/tools/bin/../lib/gcc/arm-none-eabi/7.3.1/thumb/v7e-m/fpv4-sp/hard/libgcc.a(_udivmoddi4.o)
                              /opt/st/stm32cubeide_1.5.0/plugins/com.st.stm32cube.ide.mcu.externaltools.gnu-tools-for-stm32.7-2018-q2-update.linux64_1.5.0.202011040924/tools/bin/../lib/gcc/arm-none-eabi/7.3.1/thumb/v7e-m/fpv4-sp/hard/libgcc.a(_aeabi_ldivmod.o) (__udivmoddi4)
/opt/st/stm32cubeide_1.5.0/plugins/com.st.stm32cube.ide.mcu.externaltools.gnu-tools-for-stm32.7-2018-q2-update.linux64_1.5.0.202011040924/tools/bin/../lib/gcc/arm-none-eabi/7.3.1/thumb/v7e-m/fpv4-sp/hard/libgcc.a(_dvmd_tls.o)
                              /opt/st/stm32cubeide_1.5.0/plugins/com.st.stm32cube.ide.mcu.externaltools.gnu-tools-for-stm32.7-2018-q2-update.linux64_1.5.0.202011040924/tools/bin/../lib/gcc/arm-none-eabi/7.3.1/thumb/v7e-m/fpv4-sp/hard/libgcc.a(_aeabi_ldivmod.o) (__aeabi_ldiv0)

Allocating common symbols
Common symbol       size              file

hi2c1               0x54              Src/codec.o
txBuf               0x8               Src/main.o
uwTick              0x4               Drivers/STM32F4xx_HAL_Driver/Src/stm32f4xx_hal.o
pFlash              0x20              Drivers/STM32F4xx_HAL_Driver/Src/stm32f4xx_hal_flash.o
hdma_spi3_tx        0x60              Src/codec.o
i                   0x1               Src/main.o
rxBuf               0x8               Src/main.o
voices              0x80              Src/codec.o
huart2              0x40              Src/codec.o
envelopes           0x50              Src/codec.o
hi2s3               0x48              Src/codec.o

Discarded input sections

[...]
Memory Configuration

Name             Origin             Length             Attributes
RAM              0x0000000020000000 0x0000000000020000 xrw
CCMRAM           0x0000000010000000 0x0000000000010000 rw
FLASH            0x0000000008000000 0x0000000000100000 xr
*default*        0x0000000000000000 0xffffffffffffffff

Linker script and memory map

LOAD /opt/st/stm32cubeide_1.5.0/plugins/com.st.stm32cube.ide.mcu.externaltools.gnu-tools-for-stm32.7-2018-q2-update.linux64_1.5.0.202011040924/tools/bin/../lib/gcc/arm-none-eabi/7.3.1/thumb/v7e-m/fpv4-sp/hard/crti.o
LOAD /opt/st/stm32cubeide_1.5.0/plugins/com.st.stm32cube.ide.mcu.externaltools.gnu-tools-for-stm32.7-2018-q2-update.linux64_1.5.0.202011040924/tools/bin/../lib/gcc/arm-none-eabi/7.3.1/thumb/v7e-m/fpv4-sp/hard/crtbegin.o
LOAD /opt/st/stm32cubeide_1.5.0/plugins/com.st.stm32cube.ide.mcu.externaltools.gnu-tools-for-stm32.7-2018-q2-update.linux64_1.5.0.202011040924/tools/bin/../lib/gcc/arm-none-eabi/7.3.1/../../../../arm-none-eabi/lib/thumb/v7e-m/fpv4-sp/hard/crt0.o
LOAD Drivers/STM32F4xx_HAL_Driver/Src/stm32f4xx_hal.o
LOAD Drivers/STM32F4xx_HAL_Driver/Src/stm32f4xx_hal_cortex.o
LOAD Drivers/STM32F4xx_HAL_Driver/Src/stm32f4xx_hal_dma.o
LOAD Drivers/STM32F4xx_HAL_Driver/Src/stm32f4xx_hal_dma_ex.o
LOAD Drivers/STM32F4xx_HAL_Driver/Src/stm32f4xx_hal_exti.o
LOAD Drivers/STM32F4xx_HAL_Driver/Src/stm32f4xx_hal_flash.o
LOAD Drivers/STM32F4xx_HAL_Driver/Src/stm32f4xx_hal_flash_ex.o
LOAD Drivers/STM32F4xx_HAL_Driver/Src/stm32f4xx_hal_flash_ramfunc.o
LOAD Drivers/STM32F4xx_HAL_Driver/Src/stm32f4xx_hal_gpio.o
LOAD Drivers/STM32F4xx_HAL_Driver/Src/stm32f4xx_hal_i2c.o
LOAD Drivers/STM32F4xx_HAL_Driver/Src/stm32f4xx_hal_i2c_ex.o
LOAD Drivers/STM32F4xx_HAL_Driver/Src/stm32f4xx_hal_i2s.o
LOAD Drivers/STM32F4xx_HAL_Driver/Src/stm32f4xx_hal_i2s_ex.o
LOAD Drivers/STM32F4xx_HAL_Driver/Src/stm32f4xx_hal_pwr.o
LOAD Drivers/STM32F4xx_HAL_Driver/Src/stm32f4xx_hal_pwr_ex.o
LOAD Drivers/STM32F4xx_HAL_Driver/Src/stm32f4xx_hal_rcc.o
LOAD Drivers/STM32F4xx_HAL_Driver/Src/stm32f4xx_hal_rcc_ex.o
LOAD Drivers/STM32F4xx_HAL_Driver/Src/stm32f4xx_hal_tim.o
LOAD Drivers/STM32F4xx_HAL_Driver/Src/stm32f4xx_hal_tim_ex.o
LOAD Drivers/STM32F4xx_HAL_Driver/Src/stm32f4xx_hal_uart.o
LOAD Src/adsr.o
LOAD Src/codec.o
LOAD Src/main.o
LOAD Src/midi.o
LOAD Src/oscillator.o
LOAD Src/stm32f4xx_hal_msp.o
LOAD Src/stm32f4xx_it.o
LOAD Src/syscalls.o
LOAD Src/system_stm32f4xx.o
LOAD startup/startup_stm32f407xx.o
START GROUP
LOAD /opt/st/stm32cubeide_1.5.0/plugins/com.st.stm32cube.ide.mcu.externaltools.gnu-tools-for-stm32.7-2018-q2-update.linux64_1.5.0.202011040924/tools/bin/../lib/gcc/arm-none-eabi/7.3.1/../../../../arm-none-eabi/lib/thumb/v7e-m/fpv4-sp/hard/libc_nano.a
LOAD /opt/st/stm32cubeide_1.5.0/plugins/com.st.stm32cube.ide.mcu.externaltools.gnu-tools-for-stm32.7-2018-q2-update.linux64_1.5.0.202011040924/tools/bin/../lib/gcc/arm-none-eabi/7.3.1/../../../../arm-none-eabi/lib/thumb/v7e-m/fpv4-sp/hard/libm.a
END GROUP
START GROUP
LOAD /opt/st/stm32cubeide_1.5.0/plugins/com.st.stm32cube.ide.mcu.externaltools.gnu-tools-for-stm32.7-2018-q2-update.linux64_1.5.0.202011040924/tools/bin/../lib/gcc/arm-none-eabi/7.3.1/thumb/v7e-m/fpv4-sp/hard/libgcc.a
LOAD /opt/st/stm32cubeide_1.5.0/plugins/com.st.stm32cube.ide.mcu.externaltools.gnu-tools-for-stm32.7-2018-q2-update.linux64_1.5.0.202011040924/tools/bin/../lib/gcc/arm-none-eabi/7.3.1/../../../../arm-none-eabi/lib/thumb/v7e-m/fpv4-sp/hard/libc_nano.a
END GROUP
START GROUP
LOAD /opt/st/stm32cubeide_1.5.0/plugins/com.st.stm32cube.ide.mcu.externaltools.gnu-tools-for-stm32.7-2018-q2-update.linux64_1.5.0.202011040924/tools/bin/../lib/gcc/arm-none-eabi/7.3.1/thumb/v7e-m/fpv4-sp/hard/libgcc.a
LOAD /opt/st/stm32cubeide_1.5.0/plugins/com.st.stm32cube.ide.mcu.externaltools.gnu-tools-for-stm32.7-2018-q2-update.linux64_1.5.0.202011040924/tools/bin/../lib/gcc/arm-none-eabi/7.3.1/../../../../arm-none-eabi/lib/thumb/v7e-m/fpv4-sp/hard/libc_nano.a
LOAD /opt/st/stm32cubeide_1.5.0/plugins/com.st.stm32cube.ide.mcu.externaltools.gnu-tools-for-stm32.7-2018-q2-update.linux64_1.5.0.202011040924/tools/bin/../lib/gcc/arm-none-eabi/7.3.1/../../../../arm-none-eabi/lib/thumb/v7e-m/fpv4-sp/hard/libnosys.a
END GROUP
START GROUP
LOAD /opt/st/stm32cubeide_1.5.0/plugins/com.st.stm32cube.ide.mcu.externaltools.gnu-tools-for-stm32.7-2018-q2-update.linux64_1.5.0.202011040924/tools/bin/../lib/gcc/arm-none-eabi/7.3.1/thumb/v7e-m/fpv4-sp/hard/libgcc.a
LOAD /opt/st/stm32cubeide_1.5.0/plugins/com.st.stm32cube.ide.mcu.externaltools.gnu-tools-for-stm32.7-2018-q2-update.linux64_1.5.0.202011040924/tools/bin/../lib/gcc/arm-none-eabi/7.3.1/../../../../arm-none-eabi/lib/thumb/v7e-m/fpv4-sp/hard/libc_nano.a
LOAD /opt/st/stm32cubeide_1.5.0/plugins/com.st.stm32cube.ide.mcu.externaltools.gnu-tools-for-stm32.7-2018-q2-update.linux64_1.5.0.202011040924/tools/bin/../lib/gcc/arm-none-eabi/7.3.1/../../../../arm-none-eabi/lib/thumb/v7e-m/fpv4-sp/hard/libnosys.a
END GROUP
LOAD /opt/st/stm32cubeide_1.5.0/plugins/com.st.stm32cube.ide.mcu.externaltools.gnu-tools-for-stm32.7-2018-q2-update.linux64_1.5.0.202011040924/tools/bin/../lib/gcc/arm-none-eabi/7.3.1/thumb/v7e-m/fpv4-sp/hard/crtend.o
LOAD /opt/st/stm32cubeide_1.5.0/plugins/com.st.stm32cube.ide.mcu.externaltools.gnu-tools-for-stm32.7-2018-q2-update.linux64_1.5.0.202011040924/tools/bin/../lib/gcc/arm-none-eabi/7.3.1/thumb/v7e-m/fpv4-sp/hard/crtn.o
                0x0000000020020000                _estack = 0x20020000
                0x0000000000000200                _Min_Heap_Size = 0x200
                0x0000000000000400                _Min_Stack_Size = 0x400

.isr_vector     0x0000000008000000      0x188
                0x0000000008000000                . = ALIGN (0x4)
 *(.isr_vector)
 .isr_vector    0x0000000008000000      0x188 startup/startup_stm32f407xx.o
                0x0000000008000000                g_pfnVectors
                0x0000000008000188                . = ALIGN (0x4)

.text           0x0000000008000188     0x2bf8
                0x0000000008000188                . = ALIGN (0x4)
 *(.text)
 .text          0x0000000008000188       0x40 /opt/st/stm32cubeide_1.5.0/plugins/com.st.stm32cube.ide.mcu.externaltools.gnu-tools-for-stm32.7-2018-q2-update.linux64_1.5.0.202011040924/tools/bin/../lib/gcc/arm-none-eabi/7.3.1/thumb/v7e-m/fpv4-sp/hard/crtbegin.o
 .text          0x00000000080001c8       0x30 /opt/st/stm32cubeide_1.5.0/plugins/com.st.stm32cube.ide.mcu.externaltools.gnu-tools-for-stm32.7-2018-q2-update.linux64_1.5.0.202011040924/tools/bin/../lib/gcc/arm-none-eabi/7.3.1/thumb/v7e-m/fpv4-sp/hard/libgcc.a(_aeabi_uldivmod.o)
                0x00000000080001c8                __aeabi_uldivmod
 .text          0x00000000080001f8      0x2cc /opt/st/stm32cubeide_1.5.0/plugins/com.st.stm32cube.ide.mcu.externaltools.gnu-tools-for-stm32.7-2018-q2-update.linux64_1.5.0.202011040924/tools/bin/../lib/gcc/arm-none-eabi/7.3.1/thumb/v7e-m/fpv4-sp/hard/libgcc.a(_udivmoddi4.o)
                0x00000000080001f8                __udivmoddi4
 .text          0x00000000080004c4        0x4 /opt/st/stm32cubeide_1.5.0/plugins/com.st.stm32cube.ide.mcu.externaltools.gnu-tools-for-stm32.7-2018-q2-update.linux64_1.5.0.202011040924/tools/bin/../lib/gcc/arm-none-eabi/7.3.1/thumb/v7e-m/fpv4-sp/hard/libgcc.a(_dvmd_tls.o)
                0x00000000080004c4                __aeabi_ldiv0
                0x00000000080004c4                __aeabi_idiv0
 *(.text*)
 .text.HAL_InitTick
                0x00000000080004c8       0x48 Drivers/STM32F4xx_HAL_Driver/Src/stm32f4xx_hal.o
                0x00000000080004c8                HAL_InitTick
 .text.HAL_Init
                0x0000000008000510       0x34 Drivers/STM32F4xx_HAL_Driver/Src/stm32f4xx_hal.o
                0x0000000008000510                HAL_Init
 .text.HAL_IncTick
                0x0000000008000544       0x18 Drivers/STM32F4xx_HAL_Driver/Src/stm32f4xx_hal.o
                0x0000000008000544                HAL_IncTick
 .text.HAL_GetTick
                0x000000000800055c        0xc Drivers/STM32F4xx_HAL_Driver/Src/stm32f4xx_hal.o
                0x000000000800055c                HAL_GetTick
 .text.HAL_NVIC_SetPriorityGrouping
                0x0000000008000568       0x24 Drivers/STM32F4xx_HAL_Driver/Src/stm32f4xx_hal_cortex.o
                0x0000000008000568                HAL_NVIC_SetPriorityGrouping
 .text.HAL_NVIC_SetPriority
                0x000000000800058c       0x68 Drivers/STM32F4xx_HAL_Driver/Src/stm32f4xx_hal_cortex.o
                0x000000000800058c                HAL_NVIC_SetPriority
 .text.HAL_NVIC_EnableIRQ
                0x00000000080005f4       0x1c Drivers/STM32F4xx_HAL_Driver/Src/stm32f4xx_hal_cortex.o
                0x00000000080005f4                HAL_NVIC_EnableIRQ
 .text.HAL_SYSTICK_Config
                0x0000000008000610       0x2c Drivers/STM32F4xx_HAL_Driver/Src/stm32f4xx_hal_cortex.o
                0x0000000008000610                HAL_SYSTICK_Config
 .text.DMA_CalcBaseAndBitshift
                0x000000000800063c       0x2c Drivers/STM32F4xx_HAL_Driver/Src/stm32f4xx_hal_dma.o
 .text.HAL_DMA_Init
                0x0000000008000668       0xfc Drivers/STM32F4xx_HAL_Driver/Src/stm32f4xx_hal_dma.o
                0x0000000008000668                HAL_DMA_Init
 .text.HAL_DMA_Start_IT
                0x0000000008000764       0x74 Drivers/STM32F4xx_HAL_Driver/Src/stm32f4xx_hal_dma.o
                0x0000000008000764                HAL_DMA_Start_IT
 .text.HAL_DMA_IRQHandler
                0x00000000080007d8      0x17c Drivers/STM32F4xx_HAL_Driver/Src/stm32f4xx_hal_dma.o
                0x00000000080007d8                HAL_DMA_IRQHandler
 .text.HAL_GPIO_Init
                0x0000000008000954      0x1c0 Drivers/STM32F4xx_HAL_Driver/Src/stm32f4xx_hal_gpio.o
                0x0000000008000954                HAL_GPIO_Init
 .text.HAL_GPIO_WritePin
                0x0000000008000b14        0xa Drivers/STM32F4xx_HAL_Driver/Src/stm32f4xx_hal_gpio.o
                0x0000000008000b14                HAL_GPIO_WritePin
 .text.I2C_IsAcknowledgeFailed
                0x0000000008000b1e       0x34 Drivers/STM32F4xx_HAL_Driver/Src/stm32f4xx_hal_i2c.o
 .text.I2C_WaitOnMasterAddressFlagUntilTimeout
                0x0000000008000b52       0x74 Drivers/STM32F4xx_HAL_Driver/Src/stm32f4xx_hal_i2c.o
 .text.I2C_WaitOnBTFFlagUntilTimeout
                0x0000000008000bc6       0x4c Drivers/STM32F4xx_HAL_Driver/Src/stm32f4xx_hal_i2c.o
 .text.I2C_WaitOnRXNEFlagUntilTimeout
                0x0000000008000c12       0x5e Drivers/STM32F4xx_HAL_Driver/Src/stm32f4xx_hal_i2c.o
 .text.I2C_WaitOnFlagUntilTimeout
                0x0000000008000c70       0x62 Drivers/STM32F4xx_HAL_Driver/Src/stm32f4xx_hal_i2c.o
 .text.I2C_WaitOnTXEFlagUntilTimeout
                0x0000000008000cd2       0x4c Drivers/STM32F4xx_HAL_Driver/Src/stm32f4xx_hal_i2c.o
 *fill*         0x0000000008000d1e        0x2 
 .text.HAL_I2C_Init
                0x0000000008000d20      0x158 Drivers/STM32F4xx_HAL_Driver/Src/stm32f4xx_hal_i2c.o
                0x0000000008000d20                HAL_I2C_Init
 .text.HAL_I2C_Master_Transmit
                0x0000000008000e78      0x1a8 Drivers/STM32F4xx_HAL_Driver/Src/stm32f4xx_hal_i2c.o
                0x0000000008000e78                HAL_I2C_Master_Transmit
 .text.HAL_I2C_Master_Receive
                0x0000000008001020      0x2e8 Drivers/STM32F4xx_HAL_Driver/Src/stm32f4xx_hal_i2c.o
                0x0000000008001020                HAL_I2C_Master_Receive
 .text.HAL_I2C_GetState
                0x0000000008001308        0x6 Drivers/STM32F4xx_HAL_Driver/Src/stm32f4xx_hal_i2c.o
                0x0000000008001308                HAL_I2C_GetState
 *fill*         0x000000000800130e        0x2 
 .text.HAL_I2S_Init
                0x0000000008001310      0x130 Drivers/STM32F4xx_HAL_Driver/Src/stm32f4xx_hal_i2s.o
                0x0000000008001310                HAL_I2S_Init
 .text.HAL_I2S_TxCpltCallback
                0x0000000008001440        0x2 Drivers/STM32F4xx_HAL_Driver/Src/stm32f4xx_hal_i2s.o
                0x0000000008001440                HAL_I2S_TxCpltCallback
 .text.HAL_I2S_RxCpltCallback
                0x0000000008001442        0x2 Drivers/STM32F4xx_HAL_Driver/Src/stm32f4xx_hal_i2s.o
                0x0000000008001442                HAL_I2S_RxCpltCallback
 .text.HAL_I2S_ErrorCallback
                0x0000000008001444        0x2 Drivers/STM32F4xx_HAL_Driver/Src/stm32f4xx_hal_i2s.o
                0x0000000008001444                HAL_I2S_ErrorCallback
 .text.I2S_IRQHandler
                0x0000000008001446       0xfa Drivers/STM32F4xx_HAL_Driver/Src/stm32f4xx_hal_i2s.o
 .text.I2SEx_TxRxDMAError
                0x0000000008001540       0x40 Drivers/STM32F4xx_HAL_Driver/Src/stm32f4xx_hal_i2s_ex.o
 .text.HAL_I2SEx_TransmitReceive_DMA
                0x0000000008001580      0x18c Drivers/STM32F4xx_HAL_Driver/Src/stm32f4xx_hal_i2s_ex.o
                0x0000000008001580                HAL_I2SEx_TransmitReceive_DMA
 .text.I2SEx_TxRxDMAHalfCplt
                0x000000000800170c        0xa Drivers/STM32F4xx_HAL_Driver/Src/stm32f4xx_hal_i2s_ex.o
 *fill*         0x0000000008001716        0x2 
 .text.I2SEx_TxRxDMACplt
                0x0000000008001718       0xb0 Drivers/STM32F4xx_HAL_Driver/Src/stm32f4xx_hal_i2s_ex.o
 .text.HAL_I2SEx_FullDuplex_IRQHandler
                0x00000000080017c8      0x248 Drivers/STM32F4xx_HAL_Driver/Src/stm32f4xx_hal_i2s_ex.o
                0x00000000080017c8                HAL_I2SEx_FullDuplex_IRQHandler
 .text.HAL_RCC_OscConfig
                0x0000000008001a10      0x34c Drivers/STM32F4xx_HAL_Driver/Src/stm32f4xx_hal_rcc.o
                0x0000000008001a10                HAL_RCC_OscConfig
 .text.HAL_RCC_GetSysClockFreq
                0x0000000008001d5c       0x5c Drivers/STM32F4xx_HAL_Driver/Src/stm32f4xx_hal_rcc.o
                0x0000000008001d5c                HAL_RCC_GetSysClockFreq
 .text.HAL_RCC_ClockConfig
                0x0000000008001db8      0x134 Drivers/STM32F4xx_HAL_Driver/Src/stm32f4xx_hal_rcc.o
                0x0000000008001db8                HAL_RCC_ClockConfig
 .text.HAL_RCC_GetPCLK1Freq
                0x0000000008001eec       0x20 Drivers/STM32F4xx_HAL_Driver/Src/stm32f4xx_hal_rcc.o
                0x0000000008001eec                HAL_RCC_GetPCLK1Freq
 .text.HAL_RCC_GetPCLK2Freq
                0x0000000008001f0c       0x20 Drivers/STM32F4xx_HAL_Driver/Src/stm32f4xx_hal_rcc.o
                0x0000000008001f0c                HAL_RCC_GetPCLK2Freq
 .text.HAL_RCCEx_PeriphCLKConfig
                0x0000000008001f2c      0x130 Drivers/STM32F4xx_HAL_Driver/Src/stm32f4xx_hal_rcc_ex.o
                0x0000000008001f2c                HAL_RCCEx_PeriphCLKConfig
 .text.HAL_RCCEx_GetPeriphCLKFreq
                0x000000000800205c       0x5c Drivers/STM32F4xx_HAL_Driver/Src/stm32f4xx_hal_rcc_ex.o
                0x000000000800205c                HAL_RCCEx_GetPeriphCLKFreq
 .text.UART_SetConfig
                0x00000000080020b8       0xe0 Drivers/STM32F4xx_HAL_Driver/Src/stm32f4xx_hal_uart.o
 .text.UART_WaitOnFlagUntilTimeout.constprop.3
                0x0000000008002198       0x50 Drivers/STM32F4xx_HAL_Driver/Src/stm32f4xx_hal_uart.o
 .text.HAL_UART_Init
                0x00000000080021e8       0x5c Drivers/STM32F4xx_HAL_Driver/Src/stm32f4xx_hal_uart.o
                0x00000000080021e8                HAL_UART_Init
 .text.HAL_UART_Receive
                0x0000000008002244       0xc4 Drivers/STM32F4xx_HAL_Driver/Src/stm32f4xx_hal_uart.o
                0x0000000008002244                HAL_UART_Receive
 .text.calculateADSR
                0x0000000008002308       0x64 Src/adsr.o
                0x0000000008002308                calculateADSR
 .text.send_codec_ctrl
                0x000000000800236c       0x28 Src/codec.o
                0x000000000800236c                send_codec_ctrl
 .text.read_codec_register
                0x0000000008002394       0x44 Src/codec.o
                0x0000000008002394                read_codec_register
 .text.codec_ctrl_init
                0x00000000080023d8      0x12c Src/codec.o
                0x00000000080023d8                codec_ctrl_init
 .text.calculateVoices
                0x0000000008002504       0x58 Src/main.o
                0x0000000008002504                calculateVoices
 .text.HAL_I2SEx_TxRxHalfCpltCallback
                0x000000000800255c       0x14 Src/main.o
                0x000000000800255c                HAL_I2SEx_TxRxHalfCpltCallback
 .text.HAL_I2SEx_TxRxCpltCallback
                0x0000000008002570       0x14 Src/main.o
                0x0000000008002570                HAL_I2SEx_TxRxCpltCallback
 .text.SystemClock_Config
                0x0000000008002584       0xb0 Src/main.o
                0x0000000008002584                SystemClock_Config
 .text.startup.main
                0x0000000008002634      0x2a8 Src/main.o
                0x0000000008002634                main
 .text.Error_Handler
                0x00000000080028dc        0x2 Src/main.o
                0x00000000080028dc                Error_Handler
 *fill*         0x00000000080028de        0x2 
 .text.readUserInput
                0x00000000080028e0       0x20 Src/midi.o
                0x00000000080028e0                readUserInput
 .text.noteOff  0x0000000008002900       0x24 Src/midi.o
                0x0000000008002900                noteOff
 .text.noteOn   0x0000000008002924       0x58 Src/midi.o
                0x0000000008002924                noteOn
 .text.getMIDI  0x000000000800297c       0x3a Src/midi.o
                0x000000000800297c                getMIDI
 *fill*         0x00000000080029b6        0x2 
 .text.updateOsc
                0x00000000080029b8       0xbc Src/oscillator.o
                0x00000000080029b8                updateOsc
 .text.HAL_MspInit
                0x0000000008002a74       0x3c Src/stm32f4xx_hal_msp.o
                0x0000000008002a74                HAL_MspInit
 .text.HAL_I2C_MspInit
                0x0000000008002ab0       0x70 Src/stm32f4xx_hal_msp.o
                0x0000000008002ab0                HAL_I2C_MspInit
 .text.HAL_I2S_MspInit
                0x0000000008002b20       0xf0 Src/stm32f4xx_hal_msp.o
                0x0000000008002b20                HAL_I2S_MspInit
 .text.HAL_UART_MspInit
                0x0000000008002c10       0x70 Src/stm32f4xx_hal_msp.o
                0x0000000008002c10                HAL_UART_MspInit
 .text.NMI_Handler
                0x0000000008002c80        0x2 Src/stm32f4xx_it.o
                0x0000000008002c80                NMI_Handler
 .text.HardFault_Handler
                0x0000000008002c82        0x2 Src/stm32f4xx_it.o
                0x0000000008002c82                HardFault_Handler
 .text.MemManage_Handler
                0x0000000008002c84        0x2 Src/stm32f4xx_it.o
                0x0000000008002c84                MemManage_Handler
 .text.BusFault_Handler
                0x0000000008002c86        0x2 Src/stm32f4xx_it.o
                0x0000000008002c86                BusFault_Handler
 .text.UsageFault_Handler
                0x0000000008002c88        0x2 Src/stm32f4xx_it.o
                0x0000000008002c88                UsageFault_Handler
 .text.SVC_Handler
                0x0000000008002c8a        0x2 Src/stm32f4xx_it.o
                0x0000000008002c8a                SVC_Handler
 .text.DebugMon_Handler
                0x0000000008002c8c        0x2 Src/stm32f4xx_it.o
                0x0000000008002c8c                DebugMon_Handler
 .text.PendSV_Handler
                0x0000000008002c8e        0x2 Src/stm32f4xx_it.o
                0x0000000008002c8e                PendSV_Handler
 .text.SysTick_Handler
                0x0000000008002c90        0x4 Src/stm32f4xx_it.o
                0x0000000008002c90                SysTick_Handler
 .text.DMA1_Stream5_IRQHandler
                0x0000000008002c94        0xc Src/stm32f4xx_it.o
                0x0000000008002c94                DMA1_Stream5_IRQHandler
 .text.SystemInit
                0x0000000008002ca0       0x1c Src/system_stm32f4xx.o
                0x0000000008002ca0                SystemInit
 .text.Reset_Handler
                0x0000000008002cbc       0x50 startup/startup_stm32f407xx.o
                0x0000000008002cbc                Reset_Handler
 .text.Default_Handler
                0x0000000008002d0c        0x2 startup/startup_stm32f407xx.o
                0x0000000008002d0c                RTC_Alarm_IRQHandler
                0x0000000008002d0c                HASH_RNG_IRQHandler
                0x0000000008002d0c                EXTI2_IRQHandler
                0x0000000008002d0c                TIM8_CC_IRQHandler
                0x0000000008002d0c                TIM1_CC_IRQHandler
                0x0000000008002d0c                DMA2_Stream5_IRQHandler
                0x0000000008002d0c                PVD_IRQHandler
                0x0000000008002d0c                SDIO_IRQHandler
                0x0000000008002d0c                TAMP_STAMP_IRQHandler
                0x0000000008002d0c                CAN2_RX1_IRQHandler
                0x0000000008002d0c                EXTI3_IRQHandler
                0x0000000008002d0c                TIM8_TRG_COM_TIM14_IRQHandler
                0x0000000008002d0c                TIM1_UP_TIM10_IRQHandler
                0x0000000008002d0c                TIM8_UP_TIM13_IRQHandler
                0x0000000008002d0c                I2C3_ER_IRQHandler
                0x0000000008002d0c                EXTI0_IRQHandler
                0x0000000008002d0c                I2C2_EV_IRQHandler
                0x0000000008002d0c                DMA1_Stream2_IRQHandler
                0x0000000008002d0c                CAN1_RX0_IRQHandler
                0x0000000008002d0c                FPU_IRQHandler
                0x0000000008002d0c                OTG_HS_WKUP_IRQHandler
                0x0000000008002d0c                CAN2_SCE_IRQHandler
                0x0000000008002d0c                DMA2_Stream2_IRQHandler
                0x0000000008002d0c                SPI1_IRQHandler
                0x0000000008002d0c                TIM6_DAC_IRQHandler
                0x0000000008002d0c                TIM1_BRK_TIM9_IRQHandler
                0x0000000008002d0c                DCMI_IRQHandler
                0x0000000008002d0c                CAN2_RX0_IRQHandler
                0x0000000008002d0c                DMA2_Stream3_IRQHandler
                0x0000000008002d0c                USART6_IRQHandler
                0x0000000008002d0c                USART3_IRQHandler
                0x0000000008002d0c                CAN1_RX1_IRQHandler
                0x0000000008002d0c                UART5_IRQHandler
                0x0000000008002d0c                DMA2_Stream0_IRQHandler
                0x0000000008002d0c                TIM4_IRQHandler
                0x0000000008002d0c                I2C1_EV_IRQHandler
                0x0000000008002d0c                DMA1_Stream6_IRQHandler
                0x0000000008002d0c                DMA1_Stream1_IRQHandler
                0x0000000008002d0c                UART4_IRQHandler
                0x0000000008002d0c                TIM3_IRQHandler
                0x0000000008002d0c                RCC_IRQHandler
                0x0000000008002d0c                TIM8_BRK_TIM12_IRQHandler
                0x0000000008002d0c                Default_Handler
                0x0000000008002d0c                EXTI15_10_IRQHandler
                0x0000000008002d0c                ADC_IRQHandler
                0x0000000008002d0c                DMA1_Stream7_IRQHandler
                0x0000000008002d0c                TIM7_IRQHandler
                0x0000000008002d0c                CAN2_TX_IRQHandler
                0x0000000008002d0c                TIM5_IRQHandler
                0x0000000008002d0c                DMA2_Stream7_IRQHandler
                0x0000000008002d0c                I2C3_EV_IRQHandler
                0x0000000008002d0c                EXTI9_5_IRQHandler
                0x0000000008002d0c                RTC_WKUP_IRQHandler
                0x0000000008002d0c                ETH_WKUP_IRQHandler
                0x0000000008002d0c                SPI2_IRQHandler
                0x0000000008002d0c                OTG_HS_EP1_IN_IRQHandler
                0x0000000008002d0c                DMA1_Stream0_IRQHandler
                0x0000000008002d0c                CAN1_TX_IRQHandler
                0x0000000008002d0c                EXTI4_IRQHandler
                0x0000000008002d0c                FSMC_IRQHandler
                0x0000000008002d0c                ETH_IRQHandler
                0x0000000008002d0c                OTG_HS_EP1_OUT_IRQHandler
                0x0000000008002d0c                WWDG_IRQHandler
                0x0000000008002d0c                TIM2_IRQHandler
                0x0000000008002d0c                OTG_FS_WKUP_IRQHandler
                0x0000000008002d0c                TIM1_TRG_COM_TIM11_IRQHandler
                0x0000000008002d0c                OTG_HS_IRQHandler
                0x0000000008002d0c                EXTI1_IRQHandler
                0x0000000008002d0c                USART2_IRQHandler
                0x0000000008002d0c                I2C2_ER_IRQHandler
                0x0000000008002d0c                DMA2_Stream1_IRQHandler
                0x0000000008002d0c                CAN1_SCE_IRQHandler
                0x0000000008002d0c                FLASH_IRQHandler
                0x0000000008002d0c                DMA2_Stream4_IRQHandler
                0x0000000008002d0c                USART1_IRQHandler
                0x0000000008002d0c                OTG_FS_IRQHandler
                0x0000000008002d0c                SPI3_IRQHandler
                0x0000000008002d0c                DMA1_Stream4_IRQHandler
                0x0000000008002d0c                I2C1_ER_IRQHandler
                0x0000000008002d0c                DMA2_Stream6_IRQHandler
                0x0000000008002d0c                DMA1_Stream3_IRQHandler
 *fill*         0x0000000008002d0e        0x2 
 .text.__libc_init_array
                0x0000000008002d10       0x48 /opt/st/stm32cubeide_1.5.0/plugins/com.st.stm32cube.ide.mcu.externaltools.gnu-tools-for-stm32.7-2018-q2-update.linux64_1.5.0.202011040924/tools/bin/../lib/gcc/arm-none-eabi/7.3.1/../../../../arm-none-eabi/lib/thumb/v7e-m/fpv4-sp/hard/libc_nano.a(lib_a-init.o)
                0x0000000008002d10                __libc_init_array
 .text.memset   0x0000000008002d58       0x10 /opt/st/stm32cubeide_1.5.0/plugins/com.st.stm32cube.ide.mcu.externaltools.gnu-tools-for-stm32.7-2018-q2-update.linux64_1.5.0.202011040924/tools/bin/../lib/gcc/arm-none-eabi/7.3.1/../../../../arm-none-eabi/lib/thumb/v7e-m/fpv4-sp/hard/libc_nano.a(lib_a-memset.o)
                0x0000000008002d58                memset
 *(.glue_7)
 .glue_7        0x0000000008002d68        0x0 linker stubs
 *(.glue_7t)
 .glue_7t       0x0000000008002d68        0x0 linker stubs
 *(.eh_frame)
 .eh_frame      0x0000000008002d68        0x0 /opt/st/stm32cubeide_1.5.0/plugins/com.st.stm32cube.ide.mcu.externaltools.gnu-tools-for-stm32.7-2018-q2-update.linux64_1.5.0.202011040924/tools/bin/../lib/gcc/arm-none-eabi/7.3.1/thumb/v7e-m/fpv4-sp/hard/crtbegin.o
 *(.init)
 .init          0x0000000008002d68        0x4 /opt/st/stm32cubeide_1.5.0/plugins/com.st.stm32cube.ide.mcu.externaltools.gnu-tools-for-stm32.7-2018-q2-update.linux64_1.5.0.202011040924/tools/bin/../lib/gcc/arm-none-eabi/7.3.1/thumb/v7e-m/fpv4-sp/hard/crti.o
                0x0000000008002d68                _init
 .init          0x0000000008002d6c        0x8 /opt/st/stm32cubeide_1.5.0/plugins/com.st.stm32cube.ide.mcu.externaltools.gnu-tools-for-stm32.7-2018-q2-update.linux64_1.5.0.202011040924/tools/bin/../lib/gcc/arm-none-eabi/7.3.1/thumb/v7e-m/fpv4-sp/hard/crtn.o
 *(.fini)
 .fini          0x0000000008002d74        0x4 /opt/st/stm32cubeide_1.5.0/plugins/com.st.stm32cube.ide.mcu.externaltools.gnu-tools-for-stm32.7-2018-q2-update.linux64_1.5.0.202011040924/tools/bin/../lib/gcc/arm-none-eabi/7.3.1/thumb/v7e-m/fpv4-sp/hard/crti.o
                0x0000000008002d74                _fini
 .fini          0x0000000008002d78        0x8 /opt/st/stm32cubeide_1.5.0/plugins/com.st.stm32cube.ide.mcu.externaltools.gnu-tools-for-stm32.7-2018-q2-update.linux64_1.5.0.202011040924/tools/bin/../lib/gcc/arm-none-eabi/7.3.1/thumb/v7e-m/fpv4-sp/hard/crtn.o
                0x0000000008002d80                . = ALIGN (0x4)
                0x0000000008002d80                _etext = .

.vfp11_veneer   0x0000000008002d80        0x0
 .vfp11_veneer  0x0000000008002d80        0x0 linker stubs

.v4_bx          0x0000000008002d80        0x0
 .v4_bx         0x0000000008002d80        0x0 linker stubs

.iplt           0x0000000008002d80        0x0
 .iplt          0x0000000008002d80        0x0 /opt/st/stm32cubeide_1.5.0/plugins/com.st.stm32cube.ide.mcu.externaltools.gnu-tools-for-stm32.7-2018-q2-update.linux64_1.5.0.202011040924/tools/bin/../lib/gcc/arm-none-eabi/7.3.1/thumb/v7e-m/fpv4-sp/hard/crtbegin.o

.rodata         0x0000000008002d80     0x81a0
                0x0000000008002d80                . = ALIGN (0x4)
 *(.rodata)
 *(.rodata*)
 .rodata.flagBitshiftOffset.7987
                0x0000000008002d80        0x8 Drivers/STM32F4xx_HAL_Driver/Src/stm32f4xx_hal_dma.o
 .rodata.velocity_LUT
                0x0000000008002d88       0x80 Src/midi.o
 .rodata.MIDI_LUT
                0x0000000008002e08      0x100 Src/oscillator.o
 .rodata.sin_LUT
                0x0000000008002f08     0x8000 Src/oscillator.o
 .rodata.AHBPrescTable
                0x000000000800af08       0x10 Src/system_stm32f4xx.o
                0x000000000800af08                AHBPrescTable
 .rodata.APBPrescTable
                0x000000000800af18        0x8 Src/system_stm32f4xx.o
                0x000000000800af18                APBPrescTable
                0x000000000800af20                . = ALIGN (0x4)

.ARM.extab
 *(.ARM.extab* .gnu.linkonce.armextab.*)

.ARM            0x000000000800af20        0x8
                0x000000000800af20                __exidx_start = .
 *(.ARM.exidx*)
 .ARM.exidx     0x000000000800af20        0x8 /opt/st/stm32cubeide_1.5.0/plugins/com.st.stm32cube.ide.mcu.externaltools.gnu-tools-for-stm32.7-2018-q2-update.linux64_1.5.0.202011040924/tools/bin/../lib/gcc/arm-none-eabi/7.3.1/thumb/v7e-m/fpv4-sp/hard/libgcc.a(_udivmoddi4.o)
                0x000000000800af28                __exidx_end = .

.rel.dyn        0x000000000800af28        0x0
 .rel.iplt      0x000000000800af28        0x0 /opt/st/stm32cubeide_1.5.0/plugins/com.st.stm32cube.ide.mcu.externaltools.gnu-tools-for-stm32.7-2018-q2-update.linux64_1.5.0.202011040924/tools/bin/../lib/gcc/arm-none-eabi/7.3.1/thumb/v7e-m/fpv4-sp/hard/crtbegin.o

.preinit_array  0x000000000800af28        0x0
                0x000000000800af28                PROVIDE (__preinit_array_start = .)
 *(.preinit_array*)
                0x000000000800af28                PROVIDE (__preinit_array_end = .)

.init_array     0x000000000800af28        0x4
                0x000000000800af28                PROVIDE (__init_array_start = .)
 *(SORT_BY_NAME(.init_array.*))
 *(.init_array*)
 .init_array    0x000000000800af28        0x4 /opt/st/stm32cubeide_1.5.0/plugins/com.st.stm32cube.ide.mcu.externaltools.gnu-tools-for-stm32.7-2018-q2-update.linux64_1.5.0.202011040924/tools/bin/../lib/gcc/arm-none-eabi/7.3.1/thumb/v7e-m/fpv4-sp/hard/crtbegin.o
                0x000000000800af2c                PROVIDE (__init_array_end = .)

.fini_array     0x000000000800af2c        0x4
                [!provide]                        PROVIDE (__fini_array_start = .)
 *(SORT_BY_NAME(.fini_array.*))
 *(.fini_array*)
 .fini_array    0x000000000800af2c        0x4 /opt/st/stm32cubeide_1.5.0/plugins/com.st.stm32cube.ide.mcu.externaltools.gnu-tools-for-stm32.7-2018-q2-update.linux64_1.5.0.202011040924/tools/bin/../lib/gcc/arm-none-eabi/7.3.1/thumb/v7e-m/fpv4-sp/hard/crtbegin.o
                [!provide]                        PROVIDE (__fini_array_end = .)
                0x000000000800af30                _sidata = LOADADDR (.data)

.data           0x0000000020000000        0xc load address 0x000000000800af30
                0x0000000020000000                . = ALIGN (0x4)
                0x0000000020000000                _sdata = .
 *(.data)
 *(.data*)
 .data.uwTickFreq
                0x0000000020000000        0x1 Drivers/STM32F4xx_HAL_Driver/Src/stm32f4xx_hal.o
                0x0000000020000000                uwTickFreq
 *fill*         0x0000000020000001        0x3 
 .data.uwTickPrio
                0x0000000020000004        0x4 Drivers/STM32F4xx_HAL_Driver/Src/stm32f4xx_hal.o
                0x0000000020000004                uwTickPrio
 .data.SystemCoreClock
                0x0000000020000008        0x4 Src/system_stm32f4xx.o
                0x0000000020000008                SystemCoreClock
                0x000000002000000c                . = ALIGN (0x4)
                0x000000002000000c                _edata = .
                0x000000000800af3c                _siccmram = LOADADDR (.ccmram)

.igot.plt       0x000000002000000c        0x0 load address 0x000000000800af3c
 .igot.plt      0x000000002000000c        0x0 /opt/st/stm32cubeide_1.5.0/plugins/com.st.stm32cube.ide.mcu.externaltools.gnu-tools-for-stm32.7-2018-q2-update.linux64_1.5.0.202011040924/tools/bin/../lib/gcc/arm-none-eabi/7.3.1/thumb/v7e-m/fpv4-sp/hard/crtbegin.o

.ccmram         0x0000000010000000        0x0 load address 0x000000000800af3c
                0x0000000010000000                . = ALIGN (0x4)
                0x0000000010000000                _sccmram = .
 *(.ccmram)
 *(.ccmram*)
                0x0000000010000000                . = ALIGN (0x4)
                0x0000000010000000                _eccmram = .
                0x0000000010000000                . = ALIGN (0x4)

.bss            0x000000002000000c      0x240
                0x000000002000000c                _sbss = .
                0x000000002000000c                __bss_start__ = _sbss
 *(.bss)
 .bss           0x000000002000000c       0x1c /opt/st/stm32cubeide_1.5.0/plugins/com.st.stm32cube.ide.mcu.externaltools.gnu-tools-for-stm32.7-2018-q2-update.linux64_1.5.0.202011040924/tools/bin/../lib/gcc/arm-none-eabi/7.3.1/thumb/v7e-m/fpv4-sp/hard/crtbegin.o
 *(.bss*)
 *(COMMON)
 COMMON         0x0000000020000028        0x4 Drivers/STM32F4xx_HAL_Driver/Src/stm32f4xx_hal.o
                0x0000000020000028                uwTick
 COMMON         0x000000002000002c      0x20c Src/codec.o
                0x000000002000002c                hi2c1
                0x0000000020000080                hdma_spi3_tx
                0x00000000200000e0                voices
                0x0000000020000160                huart2
                0x00000000200001a0                envelopes
                0x00000000200001f0                hi2s3
 COMMON         0x0000000020000238       0x12 Src/main.o
                0x0000000020000238                txBuf
                0x0000000020000240                i
                0x0000000020000242                rxBuf
                0x000000002000024c                . = ALIGN (0x4)
 *fill*         0x000000002000024a        0x2 
                0x000000002000024c                _ebss = .
                0x000000002000024c                __bss_end__ = _ebss

._user_heap_stack
                0x000000002000024c      0x600
                0x000000002000024c                . = ALIGN (0x4)
                0x000000002000024c                PROVIDE (end = .)
                [!provide]                        PROVIDE (_end = .)
                0x000000002000044c                . = (. + _Min_Heap_Size)
 *fill*         0x000000002000024c      0x200 
                0x000000002000084c                . = (. + _Min_Stack_Size)
 *fill*         0x000000002000044c      0x400 
                0x000000002000084c                . = ALIGN (0x4)

/DISCARD/
 libc.a(*)
 libm.a(*)
 libgcc.a(*)

.ARM.attributes
                0x0000000000000000       0x30
 *(.ARM.attributes)
 .ARM.attributes
                0x0000000000000000       0x22 /opt/st/stm32cubeide_1.5.0/plugins/com.st.stm32cube.ide.mcu.externaltools.gnu-tools-for-stm32.7-2018-q2-update.linux64_1.5.0.202011040924/tools/bin/../lib/gcc/arm-none-eabi/7.3.1/thumb/v7e-m/fpv4-sp/hard/crti.o
 .ARM.attributes
                0x0000000000000022       0x34 /opt/st/stm32cubeide_1.5.0/plugins/com.st.stm32cube.ide.mcu.externaltools.gnu-tools-for-stm32.7-2018-q2-update.linux64_1.5.0.202011040924/tools/bin/../lib/gcc/arm-none-eabi/7.3.1/thumb/v7e-m/fpv4-sp/hard/crtbegin.o
 .ARM.attributes
                0x0000000000000056       0x39 Drivers/STM32F4xx_HAL_Driver/Src/stm32f4xx_hal.o
 .ARM.attributes
                0x000000000000008f       0x39 Drivers/STM32F4xx_HAL_Driver/Src/stm32f4xx_hal_cortex.o
 .ARM.attributes
                0x00000000000000c8       0x39 Drivers/STM32F4xx_HAL_Driver/Src/stm32f4xx_hal_dma.o
 .ARM.attributes
                0x0000000000000101       0x39 Drivers/STM32F4xx_HAL_Driver/Src/stm32f4xx_hal_gpio.o
 .ARM.attributes
                0x000000000000013a       0x39 Drivers/STM32F4xx_HAL_Driver/Src/stm32f4xx_hal_i2c.o
 .ARM.attributes
                0x0000000000000173       0x39 Drivers/STM32F4xx_HAL_Driver/Src/stm32f4xx_hal_i2s.o
 .ARM.attributes
                0x00000000000001ac       0x39 Drivers/STM32F4xx_HAL_Driver/Src/stm32f4xx_hal_i2s_ex.o
 .ARM.attributes
                0x00000000000001e5       0x39 Drivers/STM32F4xx_HAL_Driver/Src/stm32f4xx_hal_rcc.o
 .ARM.attributes
                0x000000000000021e       0x39 Drivers/STM32F4xx_HAL_Driver/Src/stm32f4xx_hal_rcc_ex.o
 .ARM.attributes
                0x0000000000000257       0x39 Drivers/STM32F4xx_HAL_Driver/Src/stm32f4xx_hal_uart.o
 .ARM.attributes
                0x0000000000000290       0x39 Src/adsr.o
 .ARM.attributes
                0x00000000000002c9       0x39 Src/codec.o
 .ARM.attributes
                0x0000000000000302       0x39 Src/main.o
 .ARM.attributes
                0x000000000000033b       0x39 Src/midi.o
 .ARM.attributes
                0x0000000000000374       0x39 Src/oscillator.o
 .ARM.attributes
                0x00000000000003ad       0x39 Src/stm32f4xx_hal_msp.o
 .ARM.attributes
                0x00000000000003e6       0x39 Src/stm32f4xx_it.o
 .ARM.attributes
                0x000000000000041f       0x39 Src/system_stm32f4xx.o
 .ARM.attributes
                0x0000000000000458       0x21 startup/startup_stm32f407xx.o
 .ARM.attributes
                0x0000000000000479       0x34 /opt/st/stm32cubeide_1.5.0/plugins/com.st.stm32cube.ide.mcu.externaltools.gnu-tools-for-stm32.7-2018-q2-update.linux64_1.5.0.202011040924/tools/bin/../lib/gcc/arm-none-eabi/7.3.1/../../../../arm-none-eabi/lib/thumb/v7e-m/fpv4-sp/hard/libc_nano.a(lib_a-init.o)
 .ARM.attributes
                0x00000000000004ad       0x34 /opt/st/stm32cubeide_1.5.0/plugins/com.st.stm32cube.ide.mcu.externaltools.gnu-tools-for-stm32.7-2018-q2-update.linux64_1.5.0.202011040924/tools/bin/../lib/gcc/arm-none-eabi/7.3.1/../../../../arm-none-eabi/lib/thumb/v7e-m/fpv4-sp/hard/libc_nano.a(lib_a-memset.o)
 .ARM.attributes
                0x00000000000004e1       0x22 /opt/st/stm32cubeide_1.5.0/plugins/com.st.stm32cube.ide.mcu.externaltools.gnu-tools-for-stm32.7-2018-q2-update.linux64_1.5.0.202011040924/tools/bin/../lib/gcc/arm-none-eabi/7.3.1/thumb/v7e-m/fpv4-sp/hard/libgcc.a(_aeabi_uldivmod.o)
 .ARM.attributes
                0x0000000000000503       0x34 /opt/st/stm32cubeide_1.5.0/plugins/com.st.stm32cube.ide.mcu.externaltools.gnu-tools-for-stm32.7-2018-q2-update.linux64_1.5.0.202011040924/tools/bin/../lib/gcc/arm-none-eabi/7.3.1/thumb/v7e-m/fpv4-sp/hard/libgcc.a(_udivmoddi4.o)
 .ARM.attributes
                0x0000000000000537       0x22 /opt/st/stm32cubeide_1.5.0/plugins/com.st.stm32cube.ide.mcu.externaltools.gnu-tools-for-stm32.7-2018-q2-update.linux64_1.5.0.202011040924/tools/bin/../lib/gcc/arm-none-eabi/7.3.1/thumb/v7e-m/fpv4-sp/hard/libgcc.a(_dvmd_tls.o)
 .ARM.attributes
                0x0000000000000559       0x22 /opt/st/stm32cubeide_1.5.0/plugins/com.st.stm32cube.ide.mcu.externaltools.gnu-tools-for-stm32.7-2018-q2-update.linux64_1.5.0.202011040924/tools/bin/../lib/gcc/arm-none-eabi/7.3.1/thumb/v7e-m/fpv4-sp/hard/crtn.o
OUTPUT(synth.elf elf32-littlearm)

.debug_info     0x0000000000000000    0x3ca12
 .debug_info    0x0000000000000000      0xa19 Drivers/STM32F4xx_HAL_Driver/Src/stm32f4xx_hal.o
 .debug_info    0x0000000000000a19      0xf88 Drivers/STM32F4xx_HAL_Driver/Src/stm32f4xx_hal_cortex.o
 .debug_info    0x00000000000019a1      0xaa4 Drivers/STM32F4xx_HAL_Driver/Src/stm32f4xx_hal_dma.o
 .debug_info    0x0000000000002445      0x7c7 Drivers/STM32F4xx_HAL_Driver/Src/stm32f4xx_hal_gpio.o
 .debug_info    0x0000000000002c0c     0x349d Drivers/STM32F4xx_HAL_Driver/Src/stm32f4xx_hal_i2c.o
 .debug_info    0x00000000000060a9      0xfb6 Drivers/STM32F4xx_HAL_Driver/Src/stm32f4xx_hal_i2s.o
 .debug_info    0x000000000000705f      0xdf3 Drivers/STM32F4xx_HAL_Driver/Src/stm32f4xx_hal_i2s_ex.o
 .debug_info    0x0000000000007e52      0xaae Drivers/STM32F4xx_HAL_Driver/Src/stm32f4xx_hal_rcc.o
 .debug_info    0x0000000000008900      0x6b3 Drivers/STM32F4xx_HAL_Driver/Src/stm32f4xx_hal_rcc_ex.o
 .debug_info    0x0000000000008fb3     0x16c1 Drivers/STM32F4xx_HAL_Driver/Src/stm32f4xx_hal_uart.o
 .debug_info    0x000000000000a674      0x983 Src/adsr.o
 .debug_info    0x000000000000aff7     0x9a13 Src/codec.o
 .debug_info    0x0000000000014a0a     0xa4d9 Src/main.o
 .debug_info    0x000000000001eee3     0x9719 Src/midi.o
 .debug_info    0x00000000000285fc      0xb26 Src/oscillator.o
 .debug_info    0x0000000000029122     0x9cb1 Src/stm32f4xx_hal_msp.o
 .debug_info    0x0000000000032dd3     0x96c4 Src/stm32f4xx_it.o
 .debug_info    0x000000000003c497      0x559 Src/system_stm32f4xx.o
 .debug_info    0x000000000003c9f0       0x22 startup/startup_stm32f407xx.o

.debug_abbrev   0x0000000000000000     0x2f6a
 .debug_abbrev  0x0000000000000000      0x240 Drivers/STM32F4xx_HAL_Driver/Src/stm32f4xx_hal.o
 .debug_abbrev  0x0000000000000240      0x328 Drivers/STM32F4xx_HAL_Driver/Src/stm32f4xx_hal_cortex.o
 .debug_abbrev  0x0000000000000568      0x2fb Drivers/STM32F4xx_HAL_Driver/Src/stm32f4xx_hal_dma.o
 .debug_abbrev  0x0000000000000863      0x1f4 Drivers/STM32F4xx_HAL_Driver/Src/stm32f4xx_hal_gpio.o
 .debug_abbrev  0x0000000000000a57      0x3b9 Drivers/STM32F4xx_HAL_Driver/Src/stm32f4xx_hal_i2c.o
 .debug_abbrev  0x0000000000000e10      0x2a5 Drivers/STM32F4xx_HAL_Driver/Src/stm32f4xx_hal_i2s.o
 .debug_abbrev  0x00000000000010b5      0x316 Drivers/STM32F4xx_HAL_Driver/Src/stm32f4xx_hal_i2s_ex.o
 .debug_abbrev  0x00000000000013cb      0x2d0 Drivers/STM32F4xx_HAL_Driver/Src/stm32f4xx_hal_rcc.o
 .debug_abbrev  0x000000000000169b      0x177 Drivers/STM32F4xx_HAL_Driver/Src/stm32f4xx_hal_rcc_ex.o
 .debug_abbrev  0x0000000000001812      0x329 Drivers/STM32F4xx_HAL_Driver/Src/stm32f4xx_hal_uart.o
 .debug_abbrev  0x0000000000001b3b      0x19b Src/adsr.o
 .debug_abbrev  0x0000000000001cd6      0x2bb Src/codec.o
 .debug_abbrev  0x0000000000001f91      0x3dc Src/main.o
 .debug_abbrev  0x000000000000236d      0x319 Src/midi.o
 .debug_abbrev  0x0000000000002686      0x221 Src/oscillator.o
 .debug_abbrev  0x00000000000028a7      0x2ef Src/stm32f4xx_hal_msp.o
 .debug_abbrev  0x0000000000002b96      0x297 Src/stm32f4xx_it.o
 .debug_abbrev  0x0000000000002e2d      0x12b Src/system_stm32f4xx.o
 .debug_abbrev  0x0000000000002f58       0x12 startup/startup_stm32f407xx.o

.debug_loc      0x0000000000000000     0x7014
 .debug_loc     0x0000000000000000      0x115 Drivers/STM32F4xx_HAL_Driver/Src/stm32f4xx_hal.o
 .debug_loc     0x0000000000000115      0x49b Drivers/STM32F4xx_HAL_Driver/Src/stm32f4xx_hal_cortex.o
 .debug_loc     0x00000000000005b0      0x776 Drivers/STM32F4xx_HAL_Driver/Src/stm32f4xx_hal_dma.o
 .debug_loc     0x0000000000000d26      0x362 Drivers/STM32F4xx_HAL_Driver/Src/stm32f4xx_hal_gpio.o
 .debug_loc     0x0000000000001088     0x2fdd Drivers/STM32F4xx_HAL_Driver/Src/stm32f4xx_hal_i2c.o
 .debug_loc     0x0000000000004065      0x9af Drivers/STM32F4xx_HAL_Driver/Src/stm32f4xx_hal_i2s.o
 .debug_loc     0x0000000000004a14      0x712 Drivers/STM32F4xx_HAL_Driver/Src/stm32f4xx_hal_i2s_ex.o
 .debug_loc     0x0000000000005126      0x336 Drivers/STM32F4xx_HAL_Driver/Src/stm32f4xx_hal_rcc.o
 .debug_loc     0x000000000000545c      0x2bc Drivers/STM32F4xx_HAL_Driver/Src/stm32f4xx_hal_rcc_ex.o
 .debug_loc     0x0000000000005718     0x1367 Drivers/STM32F4xx_HAL_Driver/Src/stm32f4xx_hal_uart.o
 .debug_loc     0x0000000000006a7f       0x97 Src/codec.o
 .debug_loc     0x0000000000006b16       0xae Src/main.o
 .debug_loc     0x0000000000006bc4       0x82 Src/midi.o
 .debug_loc     0x0000000000006c46      0x19f Src/oscillator.o
 .debug_loc     0x0000000000006de5      0x113 Src/stm32f4xx_hal_msp.o
 .debug_loc     0x0000000000006ef8      0x11c Src/system_stm32f4xx.o

.debug_aranges  0x0000000000000000      0x970
 .debug_aranges
                0x0000000000000000       0xe8 Drivers/STM32F4xx_HAL_Driver/Src/stm32f4xx_hal.o
 .debug_aranges
                0x00000000000000e8       0xa8 Drivers/STM32F4xx_HAL_Driver/Src/stm32f4xx_hal_cortex.o
 .debug_aranges
                0x0000000000000190       0x80 Drivers/STM32F4xx_HAL_Driver/Src/stm32f4xx_hal_dma.o
 .debug_aranges
                0x0000000000000210       0x58 Drivers/STM32F4xx_HAL_Driver/Src/stm32f4xx_hal_gpio.o
 .debug_aranges
                0x0000000000000268      0x1b8 Drivers/STM32F4xx_HAL_Driver/Src/stm32f4xx_hal_i2c.o
 .debug_aranges
                0x0000000000000420       0xc8 Drivers/STM32F4xx_HAL_Driver/Src/stm32f4xx_hal_i2s.o
 .debug_aranges
                0x00000000000004e8       0x60 Drivers/STM32F4xx_HAL_Driver/Src/stm32f4xx_hal_i2s_ex.o
 .debug_aranges
                0x0000000000000548       0x88 Drivers/STM32F4xx_HAL_Driver/Src/stm32f4xx_hal_rcc.o
 .debug_aranges
                0x00000000000005d0       0x48 Drivers/STM32F4xx_HAL_Driver/Src/stm32f4xx_hal_rcc_ex.o
 .debug_aranges
                0x0000000000000618      0x170 Drivers/STM32F4xx_HAL_Driver/Src/stm32f4xx_hal_uart.o
 .debug_aranges
                0x0000000000000788       0x20 Src/adsr.o
 .debug_aranges
                0x00000000000007a8       0x30 Src/codec.o
 .debug_aranges
                0x00000000000007d8       0x50 Src/main.o
 .debug_aranges
                0x0000000000000828       0x38 Src/midi.o
 .debug_aranges
                0x0000000000000860       0x20 Src/oscillator.o
 .debug_aranges
                0x0000000000000880       0x50 Src/stm32f4xx_hal_msp.o
 .debug_aranges
                0x00000000000008d0       0x50 Src/stm32f4xx_it.o
 .debug_aranges
                0x0000000000000920       0x28 Src/system_stm32f4xx.o
 .debug_aranges
                0x0000000000000948       0x28 startup/startup_stm32f407xx.o

.debug_ranges   0x0000000000000000      0xda0
 .debug_ranges  0x0000000000000000       0xd8 Drivers/STM32F4xx_HAL_Driver/Src/stm32f4xx_hal.o
 .debug_ranges  0x00000000000000d8      0x138 Drivers/STM32F4xx_HAL_Driver/Src/stm32f4xx_hal_cortex.o
 .debug_ranges  0x0000000000000210       0xc8 Drivers/STM32F4xx_HAL_Driver/Src/stm32f4xx_hal_dma.o
 .debug_ranges  0x00000000000002d8       0x68 Drivers/STM32F4xx_HAL_Driver/Src/stm32f4xx_hal_gpio.o
 .debug_ranges  0x0000000000000340      0x3e0 Drivers/STM32F4xx_HAL_Driver/Src/stm32f4xx_hal_i2c.o
 .debug_ranges  0x0000000000000720       0xb8 Drivers/STM32F4xx_HAL_Driver/Src/stm32f4xx_hal_i2s.o
 .debug_ranges  0x00000000000007d8       0x50 Drivers/STM32F4xx_HAL_Driver/Src/stm32f4xx_hal_i2s_ex.o
 .debug_ranges  0x0000000000000828       0xb0 Drivers/STM32F4xx_HAL_Driver/Src/stm32f4xx_hal_rcc.o
 .debug_ranges  0x00000000000008d8       0x50 Drivers/STM32F4xx_HAL_Driver/Src/stm32f4xx_hal_rcc_ex.o
 .debug_ranges  0x0000000000000928      0x160 Drivers/STM32F4xx_HAL_Driver/Src/stm32f4xx_hal_uart.o
 .debug_ranges  0x0000000000000a88       0x10 Src/adsr.o
 .debug_ranges  0x0000000000000a98       0x20 Src/codec.o
 .debug_ranges  0x0000000000000ab8      0x130 Src/main.o
 .debug_ranges  0x0000000000000be8       0x78 Src/midi.o
 .debug_ranges  0x0000000000000c60       0x28 Src/oscillator.o
 .debug_ranges  0x0000000000000c88       0xa0 Src/stm32f4xx_hal_msp.o
 .debug_ranges  0x0000000000000d28       0x40 Src/stm32f4xx_it.o
 .debug_ranges  0x0000000000000d68       0x18 Src/system_stm32f4xx.o
 .debug_ranges  0x0000000000000d80       0x20 startup/startup_stm32f407xx.o

.debug_macro    0x0000000000000000    0x2195a
 .debug_macro   0x0000000000000000      0x24d Drivers/STM32F4xx_HAL_Driver/Src/stm32f4xx_hal.o
 .debug_macro   0x000000000000024d      0xa66 Drivers/STM32F4xx_HAL_Driver/Src/stm32f4xx_hal.o
 .debug_macro   0x0000000000000cb3      0x192 Drivers/STM32F4xx_HAL_Driver/Src/stm32f4xx_hal.o
 .debug_macro   0x0000000000000e45       0x32 Drivers/STM32F4xx_HAL_Driver/Src/stm32f4xx_hal.o
 .debug_macro   0x0000000000000e77       0x2f Drivers/STM32F4xx_HAL_Driver/Src/stm32f4xx_hal.o
 .debug_macro   0x0000000000000ea6       0x22 Drivers/STM32F4xx_HAL_Driver/Src/stm32f4xx_hal.o
 .debug_macro   0x0000000000000ec8       0x8e Drivers/STM32F4xx_HAL_Driver/Src/stm32f4xx_hal.o
 .debug_macro   0x0000000000000f56       0x51 Drivers/STM32F4xx_HAL_Driver/Src/stm32f4xx_hal.o
 .debug_macro   0x0000000000000fa7       0xef Drivers/STM32F4xx_HAL_Driver/Src/stm32f4xx_hal.o
 .debug_macro   0x0000000000001096       0x6a Drivers/STM32F4xx_HAL_Driver/Src/stm32f4xx_hal.o
 .debug_macro   0x0000000000001100      0x1df Drivers/STM32F4xx_HAL_Driver/Src/stm32f4xx_hal.o
 .debug_macro   0x00000000000012df       0x1c Drivers/STM32F4xx_HAL_Driver/Src/stm32f4xx_hal.o
 .debug_macro   0x00000000000012fb       0x22 Drivers/STM32F4xx_HAL_Driver/Src/stm32f4xx_hal.o
 .debug_macro   0x000000000000131d       0xdf Drivers/STM32F4xx_HAL_Driver/Src/stm32f4xx_hal.o
 .debug_macro   0x00000000000013fc     0x102d Drivers/STM32F4xx_HAL_Driver/Src/stm32f4xx_hal.o
 .debug_macro   0x0000000000002429      0x11f Drivers/STM32F4xx_HAL_Driver/Src/stm32f4xx_hal.o
 .debug_macro   0x0000000000002548    0x15e3c Drivers/STM32F4xx_HAL_Driver/Src/stm32f4xx_hal.o
 .debug_macro   0x0000000000018384       0x43 Drivers/STM32F4xx_HAL_Driver/Src/stm32f4xx_hal.o
 .debug_macro   0x00000000000183c7     0x3652 Drivers/STM32F4xx_HAL_Driver/Src/stm32f4xx_hal.o
 .debug_macro   0x000000000001ba19      0x174 Drivers/STM32F4xx_HAL_Driver/Src/stm32f4xx_hal.o
 .debug_macro   0x000000000001bb8d       0x4e Drivers/STM32F4xx_HAL_Driver/Src/stm32f4xx_hal.o
 .debug_macro   0x000000000001bbdb      0x96b Drivers/STM32F4xx_HAL_Driver/Src/stm32f4xx_hal.o
 .debug_macro   0x000000000001c546      0x9fe Drivers/STM32F4xx_HAL_Driver/Src/stm32f4xx_hal.o
 .debug_macro   0x000000000001cf44      0x174 Drivers/STM32F4xx_HAL_Driver/Src/stm32f4xx_hal.o
 .debug_macro   0x000000000001d0b8      0x117 Drivers/STM32F4xx_HAL_Driver/Src/stm32f4xx_hal.o
 .debug_macro   0x000000000001d1cf      0x13e Drivers/STM32F4xx_HAL_Driver/Src/stm32f4xx_hal.o
 .debug_macro   0x000000000001d30d       0x27 Drivers/STM32F4xx_HAL_Driver/Src/stm32f4xx_hal.o
 .debug_macro   0x000000000001d334      0x287 Drivers/STM32F4xx_HAL_Driver/Src/stm32f4xx_hal.o
 .debug_macro   0x000000000001d5bb       0x5f Drivers/STM32F4xx_HAL_Driver/Src/stm32f4xx_hal.o
 .debug_macro   0x000000000001d61a      0x236 Drivers/STM32F4xx_HAL_Driver/Src/stm32f4xx_hal.o
 .debug_macro   0x000000000001d850      0x12c Drivers/STM32F4xx_HAL_Driver/Src/stm32f4xx_hal.o
 .debug_macro   0x000000000001d97c      0x21e Drivers/STM32F4xx_HAL_Driver/Src/stm32f4xx_hal.o
 .debug_macro   0x000000000001db9a       0x2e Drivers/STM32F4xx_HAL_Driver/Src/stm32f4xx_hal.o
 .debug_macro   0x000000000001dbc8      0x1b5 Drivers/STM32F4xx_HAL_Driver/Src/stm32f4xx_hal.o
 .debug_macro   0x000000000001dd7d       0xd6 Drivers/STM32F4xx_HAL_Driver/Src/stm32f4xx_hal.o
 .debug_macro   0x000000000001de53      0x199 Drivers/STM32F4xx_HAL_Driver/Src/stm32f4xx_hal.o
 .debug_macro   0x000000000001dfec       0x40 Drivers/STM32F4xx_HAL_Driver/Src/stm32f4xx_hal.o
 .debug_macro   0x000000000001e02c       0x4a Drivers/STM32F4xx_HAL_Driver/Src/stm32f4xx_hal.o
 .debug_macro   0x000000000001e076      0x11a Drivers/STM32F4xx_HAL_Driver/Src/stm32f4xx_hal.o
 .debug_macro   0x000000000001e190       0x7e Drivers/STM32F4xx_HAL_Driver/Src/stm32f4xx_hal.o
 .debug_macro   0x000000000001e20e       0x89 Drivers/STM32F4xx_HAL_Driver/Src/stm32f4xx_hal.o
 .debug_macro   0x000000000001e297      0x287 Drivers/STM32F4xx_HAL_Driver/Src/stm32f4xx_hal.o
 .debug_macro   0x000000000001e51e      0x12d Drivers/STM32F4xx_HAL_Driver/Src/stm32f4xx_hal.o
 .debug_macro   0x000000000001e64b      0x1ed Drivers/STM32F4xx_HAL_Driver/Src/stm32f4xx_hal_cortex.o
 .debug_macro   0x000000000001e838      0x1f3 Drivers/STM32F4xx_HAL_Driver/Src/stm32f4xx_hal_dma.o
 .debug_macro   0x000000000001ea2b      0x223 Drivers/STM32F4xx_HAL_Driver/Src/stm32f4xx_hal_gpio.o
 .debug_macro   0x000000000001ec4e      0x22d Drivers/STM32F4xx_HAL_Driver/Src/stm32f4xx_hal_i2c.o
 .debug_macro   0x000000000001ee7b      0x1ee Drivers/STM32F4xx_HAL_Driver/Src/stm32f4xx_hal_i2s.o
 .debug_macro   0x000000000001f069      0x1ed Drivers/STM32F4xx_HAL_Driver/Src/stm32f4xx_hal_i2s_ex.o
 .debug_macro   0x000000000001f256      0x211 Drivers/STM32F4xx_HAL_Driver/Src/stm32f4xx_hal_rcc.o
 .debug_macro   0x000000000001f467      0x1ed Drivers/STM32F4xx_HAL_Driver/Src/stm32f4xx_hal_rcc_ex.o
 .debug_macro   0x000000000001f654      0x1ee Drivers/STM32F4xx_HAL_Driver/Src/stm32f4xx_hal_uart.o
 .debug_macro   0x000000000001f842      0x115 Src/adsr.o
 .debug_macro   0x000000000001f957       0x46 Src/adsr.o
 .debug_macro   0x000000000001f99d       0x18 Src/adsr.o
 .debug_macro   0x000000000001f9b5       0x3c Src/adsr.o
 .debug_macro   0x000000000001f9f1       0x34 Src/adsr.o
 .debug_macro   0x000000000001fa25       0x52 Src/adsr.o
 .debug_macro   0x000000000001fa77       0x1f Src/adsr.o
 .debug_macro   0x000000000001fa96       0x43 Src/adsr.o
 .debug_macro   0x000000000001fad9       0x20 Src/adsr.o
 .debug_macro   0x000000000001faf9      0x1a3 Src/adsr.o
 .debug_macro   0x000000000001fc9c      0x330 Src/adsr.o
 .debug_macro   0x000000000001ffcc      0x1e1 Src/adsr.o
 .debug_macro   0x00000000000201ad       0x22 Src/adsr.o
 .debug_macro   0x00000000000201cf      0x2e2 Src/codec.o
 .debug_macro   0x00000000000204b1      0x32a Src/codec.o
 .debug_macro   0x00000000000207db      0x1a1 Src/codec.o
 .debug_macro   0x000000000002097c      0x12a Src/codec.o
 .debug_macro   0x0000000000020aa6      0x2f0 Src/main.o
 .debug_macro   0x0000000000020d96      0x2e2 Src/midi.o
 .debug_macro   0x0000000000021078      0x129 Src/oscillator.o
 .debug_macro   0x00000000000211a1      0x2de Src/stm32f4xx_hal_msp.o
 .debug_macro   0x000000000002147f      0x2e8 Src/stm32f4xx_it.o
 .debug_macro   0x0000000000021767      0x1f3 Src/system_stm32f4xx.o

.debug_line     0x0000000000000000     0xb941
 .debug_line    0x0000000000000000      0x8bf Drivers/STM32F4xx_HAL_Driver/Src/stm32f4xx_hal.o
 .debug_line    0x00000000000008bf      0x93d Drivers/STM32F4xx_HAL_Driver/Src/stm32f4xx_hal_cortex.o
 .debug_line    0x00000000000011fc      0xa0b Drivers/STM32F4xx_HAL_Driver/Src/stm32f4xx_hal_dma.o
 .debug_line    0x0000000000001c07      0x88b Drivers/STM32F4xx_HAL_Driver/Src/stm32f4xx_hal_gpio.o
 .debug_line    0x0000000000002492     0x2080 Drivers/STM32F4xx_HAL_Driver/Src/stm32f4xx_hal_i2c.o
 .debug_line    0x0000000000004512      0xb08 Drivers/STM32F4xx_HAL_Driver/Src/stm32f4xx_hal_i2s.o
 .debug_line    0x000000000000501a      0xa04 Drivers/STM32F4xx_HAL_Driver/Src/stm32f4xx_hal_i2s_ex.o
 .debug_line    0x0000000000005a1e      0x986 Drivers/STM32F4xx_HAL_Driver/Src/stm32f4xx_hal_rcc.o
 .debug_line    0x00000000000063a4      0x82e Drivers/STM32F4xx_HAL_Driver/Src/stm32f4xx_hal_rcc_ex.o
 .debug_line    0x0000000000006bd2     0x1013 Drivers/STM32F4xx_HAL_Driver/Src/stm32f4xx_hal_uart.o
 .debug_line    0x0000000000007be5      0x4b2 Src/adsr.o
 .debug_line    0x0000000000008097      0x88d Src/codec.o
 .debug_line    0x0000000000008924      0x9c9 Src/main.o
 .debug_line    0x00000000000092ed      0x87b Src/midi.o
 .debug_line    0x0000000000009b68      0x4d4 Src/oscillator.o
 .debug_line    0x000000000000a03c      0x912 Src/stm32f4xx_hal_msp.o
 .debug_line    0x000000000000a94e      0x88f Src/stm32f4xx_it.o
 .debug_line    0x000000000000b1dd      0x6e5 Src/system_stm32f4xx.o
 .debug_line    0x000000000000b8c2       0x7f startup/startup_stm32f407xx.o

.debug_str      0x0000000000000000    0xc60f7
 .debug_str     0x0000000000000000    0xbef9e Drivers/STM32F4xx_HAL_Driver/Src/stm32f4xx_hal.o
                                      0xbf325 (size before relaxing)
 .debug_str     0x00000000000bef9e      0x3a8 Drivers/STM32F4xx_HAL_Driver/Src/stm32f4xx_hal_cortex.o
                                      0xbf0cf (size before relaxing)
 .debug_str     0x00000000000bf346      0x534 Drivers/STM32F4xx_HAL_Driver/Src/stm32f4xx_hal_dma.o
                                      0xbec34 (size before relaxing)
 .debug_str     0x00000000000bf87a      0x28c Drivers/STM32F4xx_HAL_Driver/Src/stm32f4xx_hal_gpio.o
                                      0xbea52 (size before relaxing)
 .debug_str     0x00000000000bfb06      0xd24 Drivers/STM32F4xx_HAL_Driver/Src/stm32f4xx_hal_i2c.o
                                      0xbf7c1 (size before relaxing)
 .debug_str     0x00000000000c082a      0x44c Drivers/STM32F4xx_HAL_Driver/Src/stm32f4xx_hal_i2s.o
                                      0xbedf7 (size before relaxing)
 .debug_str     0x00000000000c0c76      0x1f1 Drivers/STM32F4xx_HAL_Driver/Src/stm32f4xx_hal_i2s_ex.o
                                      0xbed38 (size before relaxing)
 .debug_str     0x00000000000c0e67      0x36f Drivers/STM32F4xx_HAL_Driver/Src/stm32f4xx_hal_rcc.o
                                      0xbec27 (size before relaxing)
 .debug_str     0x00000000000c11d6      0x15e Drivers/STM32F4xx_HAL_Driver/Src/stm32f4xx_hal_rcc_ex.o
                                      0xbe961 (size before relaxing)
 .debug_str     0x00000000000c1334      0x682 Drivers/STM32F4xx_HAL_Driver/Src/stm32f4xx_hal_uart.o
                                      0xbf0d6 (size before relaxing)
 .debug_str     0x00000000000c19b6     0x37ad Src/adsr.o
                                       0x77e2 (size before relaxing)
 .debug_str     0x00000000000c5163      0xcbb Src/codec.o
                                      0xc3410 (size before relaxing)
 .debug_str     0x00000000000c5e1e       0xf4 Src/main.o
                                      0xc3d1e (size before relaxing)
 .debug_str     0x00000000000c5f12       0x33 Src/midi.o
                                      0xc332e (size before relaxing)
 .debug_str     0x00000000000c5f45       0x3e Src/oscillator.o
                                       0x7874 (size before relaxing)
 .debug_str     0x00000000000c5f83       0x1b Src/stm32f4xx_hal_msp.o
                                      0xc3588 (size before relaxing)
 .debug_str     0x00000000000c5f9e       0xd0 Src/stm32f4xx_it.o
                                      0xc33ca (size before relaxing)
 .debug_str     0x00000000000c606e       0x5a Src/system_stm32f4xx.o
                                      0xbe80e (size before relaxing)
 .debug_str     0x00000000000c60c8       0x2f startup/startup_stm32f407xx.o
                                         0x60 (size before relaxing)

.comment        0x0000000000000000       0x7b
 .comment       0x0000000000000000       0x7b Drivers/STM32F4xx_HAL_Driver/Src/stm32f4xx_hal.o
                                         0x7c (size before relaxing)
 .comment       0x000000000000007b       0x7c Drivers/STM32F4xx_HAL_Driver/Src/stm32f4xx_hal_cortex.o
 .comment       0x000000000000007b       0x7c Drivers/STM32F4xx_HAL_Driver/Src/stm32f4xx_hal_dma.o
 .comment       0x000000000000007b       0x7c Drivers/STM32F4xx_HAL_Driver/Src/stm32f4xx_hal_gpio.o
 .comment       0x000000000000007b       0x7c Drivers/STM32F4xx_HAL_Driver/Src/stm32f4xx_hal_i2c.o
 .comment       0x000000000000007b       0x7c Drivers/STM32F4xx_HAL_Driver/Src/stm32f4xx_hal_i2s.o
 .comment       0x000000000000007b       0x7c Drivers/STM32F4xx_HAL_Driver/Src/stm32f4xx_hal_i2s_ex.o
 .comment       0x000000000000007b       0x7c Drivers/STM32F4xx_HAL_Driver/Src/stm32f4xx_hal_rcc.o
 .comment       0x000000000000007b       0x7c Drivers/STM32F4xx_HAL_Driver/Src/stm32f4xx_hal_rcc_ex.o
 .comment       0x000000000000007b       0x7c Drivers/STM32F4xx_HAL_Driver/Src/stm32f4xx_hal_uart.o
 .comment       0x000000000000007b       0x7c Src/adsr.o
 .comment       0x000000000000007b       0x7c Src/codec.o
 .comment       0x000000000000007b       0x7c Src/main.o
 .comment       0x000000000000007b       0x7c Src/midi.o
 .comment       0x000000000000007b       0x7c Src/oscillator.o
 .comment       0x000000000000007b       0x7c Src/stm32f4xx_hal_msp.o
 .comment       0x000000000000007b       0x7c Src/stm32f4xx_it.o
 .comment       0x000000000000007b       0x7c Src/system_stm32f4xx.o

.debug_frame    0x0000000000000000     0x1b78
 .debug_frame   0x0000000000000000      0x1f4 Drivers/STM32F4xx_HAL_Driver/Src/stm32f4xx_hal.o
 .debug_frame   0x00000000000001f4      0x158 Drivers/STM32F4xx_HAL_Driver/Src/stm32f4xx_hal_cortex.o
 .debug_frame   0x000000000000034c      0x15c Drivers/STM32F4xx_HAL_Driver/Src/stm32f4xx_hal_dma.o
 .debug_frame   0x00000000000004a8       0xd8 Drivers/STM32F4xx_HAL_Driver/Src/stm32f4xx_hal_gpio.o
 .debug_frame   0x0000000000000580      0x728 Drivers/STM32F4xx_HAL_Driver/Src/stm32f4xx_hal_i2c.o
 .debug_frame   0x0000000000000ca8      0x288 Drivers/STM32F4xx_HAL_Driver/Src/stm32f4xx_hal_i2s.o
 .debug_frame   0x0000000000000f30      0x138 Drivers/STM32F4xx_HAL_Driver/Src/stm32f4xx_hal_i2s_ex.o
 .debug_frame   0x0000000000001068      0x13c Drivers/STM32F4xx_HAL_Driver/Src/stm32f4xx_hal_rcc.o
 .debug_frame   0x00000000000011a4       0xac Drivers/STM32F4xx_HAL_Driver/Src/stm32f4xx_hal_rcc_ex.o
 .debug_frame   0x0000000000001250      0x4a0 Drivers/STM32F4xx_HAL_Driver/Src/stm32f4xx_hal_uart.o
 .debug_frame   0x00000000000016f0       0x20 Src/adsr.o
 .debug_frame   0x0000000000001710       0x6c Src/codec.o
 .debug_frame   0x000000000000177c       0xd0 Src/main.o
 .debug_frame   0x000000000000184c       0x84 Src/midi.o
 .debug_frame   0x00000000000018d0       0x48 Src/oscillator.o
 .debug_frame   0x0000000000001918       0xcc Src/stm32f4xx_hal_msp.o
 .debug_frame   0x00000000000019e4       0xb0 Src/stm32f4xx_it.o
 .debug_frame   0x0000000000001a94       0x38 Src/system_stm32f4xx.o
 .debug_frame   0x0000000000001acc       0x2c /opt/st/stm32cubeide_1.5.0/plugins/com.st.stm32cube.ide.mcu.externaltools.gnu-tools-for-stm32.7-2018-q2-update.linux64_1.5.0.202011040924/tools/bin/../lib/gcc/arm-none-eabi/7.3.1/../../../../arm-none-eabi/lib/thumb/v7e-m/fpv4-sp/hard/libc_nano.a(lib_a-init.o)
 .debug_frame   0x0000000000001af8       0x20 /opt/st/stm32cubeide_1.5.0/plugins/com.st.stm32cube.ide.mcu.externaltools.gnu-tools-for-stm32.7-2018-q2-update.linux64_1.5.0.202011040924/tools/bin/../lib/gcc/arm-none-eabi/7.3.1/../../../../arm-none-eabi/lib/thumb/v7e-m/fpv4-sp/hard/libc_nano.a(lib_a-memset.o)
 .debug_frame   0x0000000000001b18       0x2c /opt/st/stm32cubeide_1.5.0/plugins/com.st.stm32cube.ide.mcu.externaltools.gnu-tools-for-stm32.7-2018-q2-update.linux64_1.5.0.202011040924/tools/bin/../lib/gcc/arm-none-eabi/7.3.1/thumb/v7e-m/fpv4-sp/hard/libgcc.a(_aeabi_uldivmod.o)
 .debug_frame   0x0000000000001b44       0x34 /opt/st/stm32cubeide_1.5.0/plugins/com.st.stm32cube.ide.mcu.externaltools.gnu-tools-for-stm32.7-2018-q2-update.linux64_1.5.0.202011040924/tools/bin/../lib/gcc/arm-none-eabi/7.3.1/thumb/v7e-m/fpv4-sp/hard/libgcc.a(_udivmoddi4.o)
